exports[`Talk component should renders correctly 1`] = `
ShallowWrapper {
  "complexSelector": ComplexSelector {
    "buildPredicate": [Function],
    "childrenOfNode": [Function],
    "findWhereUnwrapped": [Function],
  },
  "length": 1,
  "node": <section
    className="Wrapper">
    <div
        className="Talk">
        <h2>
            Wesh, bien ou bien ?
        </h2>
        <Chip
            labelColor="white"
            onBlur={[Function]}
            onFocus={[Function]}
            onKeyDown={[Function]}
            onKeyboardFocus={[Function]}
            onMouseDown={[Function]}
            onMouseEnter={[Function]}
            onMouseLeave={[Function]}
            onMouseUp={[Function]}
            onTouchEnd={[Function]}
            onTouchStart={[Function]}
            style={
                Object {
                    "backgroundColor": "#ff9800",
                    "marginTop": ".85em",
                  }
            } />
        <Connect(NotesView) />
        <Divider
            inset={false} />
        <List>
            <ListItem
                autoGenerateNestedIndicator={true}
                disableKeyboardFocus={false}
                disabled={true}
                initiallyOpen={false}
                insetChildren={false}
                leftAvatar={
                    <Avatar
                        size={40}
                        src="https://pbs.twimg.com/profile_images/1049198944826417152/w4Vfcyja_400x400.jpg" />
                }
                nestedItems={Array []}
                nestedLevel={0}
                onKeyboardFocus={[Function]}
                onMouseEnter={[Function]}
                onMouseLeave={[Function]}
                onNestedListToggle={[Function]}
                onTouchEnd={[Function]}
                onTouchStart={[Function]}
                open={null}
                primaryText={
                    <span>
                        Boris Schapira
                        <span
                            style={
                                Object {
                                    "color": "rgba(0, 0, 0, 0.54)",
                                  }
                            }>
                            , le 
                            12/03/2019
                        </span>
                    </span>
                }
                primaryTogglesNestedList={false}
                rightIcon={
                    <IconButton
                        disableTouchRipple={false}
                        disabled={false}
                        iconStyle={Object {}}
                        onClick={[Function]}
                        style={
                            Object {
                                "padding": 0,
                                "width": 32,
                              }
                        }
                        tooltipPosition="top-right"
                        touch={true}>
                        <CommunicationEmail
                            color="#f44336" />
                    </IconButton>
                }
                secondaryText="test@test.com"
                secondaryTextLines={1} />
        </List>
        <Divider
            inset={false} />
        <h3>
            Approfondissement / Deep Dive
             (
            45 minutes
            )
        </h3>
        <p>
            Ceci est la description.
        </p>
        <h3>
            Message pour l'équipe
        </h3>
        <p>
            Ceci est le message.
        </p>
    </div>
</section>,
  "nodes": Array [
    <section
      className="Wrapper">
      <div
            className="Talk">
            <h2>
                  Wesh, bien ou bien ?
            </h2>
            <Chip
                  labelColor="white"
                  onBlur={[Function]}
                  onFocus={[Function]}
                  onKeyDown={[Function]}
                  onKeyboardFocus={[Function]}
                  onMouseDown={[Function]}
                  onMouseEnter={[Function]}
                  onMouseLeave={[Function]}
                  onMouseUp={[Function]}
                  onTouchEnd={[Function]}
                  onTouchStart={[Function]}
                  style={
                        Object {
                              "backgroundColor": "#ff9800",
                              "marginTop": ".85em",
                            }
                  } />
            <Connect(NotesView) />
            <Divider
                  inset={false} />
            <List>
                  <ListItem
                        autoGenerateNestedIndicator={true}
                        disableKeyboardFocus={false}
                        disabled={true}
                        initiallyOpen={false}
                        insetChildren={false}
                        leftAvatar={
                              <Avatar
                                    size={40}
                                    src="https://pbs.twimg.com/profile_images/1049198944826417152/w4Vfcyja_400x400.jpg" />
                        }
                        nestedItems={Array []}
                        nestedLevel={0}
                        onKeyboardFocus={[Function]}
                        onMouseEnter={[Function]}
                        onMouseLeave={[Function]}
                        onNestedListToggle={[Function]}
                        onTouchEnd={[Function]}
                        onTouchStart={[Function]}
                        open={null}
                        primaryText={
                              <span>
                                    Boris Schapira
                                    <span
                                          style={
                                                Object {
                                                      "color": "rgba(0, 0, 0, 0.54)",
                                                    }
                                          }>
                                          , le 
                                          12/03/2019
                                    </span>
                              </span>
                        }
                        primaryTogglesNestedList={false}
                        rightIcon={
                              <IconButton
                                    disableTouchRipple={false}
                                    disabled={false}
                                    iconStyle={Object {}}
                                    onClick={[Function]}
                                    style={
                                          Object {
                                                "padding": 0,
                                                "width": 32,
                                              }
                                    }
                                    tooltipPosition="top-right"
                                    touch={true}>
                                    <CommunicationEmail
                                          color="#f44336" />
                              </IconButton>
                        }
                        secondaryText="test@test.com"
                        secondaryTextLines={1} />
            </List>
            <Divider
                  inset={false} />
            <h3>
                  Approfondissement / Deep Dive
                   (
                  45 minutes
                  )
            </h3>
            <p>
                  Ceci est la description.
            </p>
            <h3>
                  Message pour l'équipe
            </h3>
            <p>
                  Ceci est le message.
            </p>
      </div>
</section>,
  ],
  "options": Object {},
  "renderer": ReactShallowRenderer {
    "_instance": ShallowComponentWrapper {
      "_calledComponentWillUnmount": false,
      "_compositeType": 0,
      "_context": Object {},
      "_currentElement": <Talk
        talk={
                Object {
                        "courriel_e_mail": "test@test.com",
                        "description": "Ceci est la description.",
                        "duree_duration": "45 minutes",
                        "horodateur": "12/03/2019 16:04:23",
                        "langue_language": "Français",
                        "nom_last_name": "Schapira",
                        "prenom_first_name": "Boris",
                        "titre_title": "Wesh, bien ou bien ?",
                        "type_dintervention_talk_level": "Approfondissement / Deep Dive",
                        "un_message_a_laisser_a_lequipe_organisatrice_do_you_have_a_message_for_the_organizing_team": "Ceci est le message.",
                        "url_de_profil_principal_main_profile_url": "https://twitter.com/_welovespeed",
                        "url_dune_photo_de_vous_profile_picture_url": "https://pbs.twimg.com/profile_images/1049198944826417152/w4Vfcyja_400x400.jpg",
                        "where_will_you_come_from": "Outta here.",
                      }
        } />,
      "_debugID": 1,
      "_hostContainerInfo": null,
      "_hostParent": null,
      "_instance": Talk {
        "_reactInternalInstance": [Circular],
        "context": Object {},
        "props": Object {
          "talk": Object {
            "courriel_e_mail": "test@test.com",
            "description": "Ceci est la description.",
            "duree_duration": "45 minutes",
            "horodateur": "12/03/2019 16:04:23",
            "langue_language": "Français",
            "nom_last_name": "Schapira",
            "prenom_first_name": "Boris",
            "titre_title": "Wesh, bien ou bien ?",
            "type_dintervention_talk_level": "Approfondissement / Deep Dive",
            "un_message_a_laisser_a_lequipe_organisatrice_do_you_have_a_message_for_the_organizing_team": "Ceci est le message.",
            "url_de_profil_principal_main_profile_url": "https://twitter.com/_welovespeed",
            "url_dune_photo_de_vous_profile_picture_url": "https://pbs.twimg.com/profile_images/1049198944826417152/w4Vfcyja_400x400.jpg",
            "where_will_you_come_from": "Outta here.",
          },
        },
        "refs": Object {},
        "state": null,
        "updater": Object {
          "enqueueCallback": [Function],
          "enqueueCallbackInternal": [Function],
          "enqueueElementInternal": [Function],
          "enqueueForceUpdate": [Function],
          "enqueueReplaceState": [Function],
          "enqueueSetState": [Function],
          "isMounted": [Function],
          "validateCallback": [Function],
        },
      },
      "_mountOrder": 1,
      "_pendingCallbacks": null,
      "_pendingElement": null,
      "_pendingForceUpdate": false,
      "_pendingReplaceState": false,
      "_pendingStateQueue": null,
      "_renderedComponent": NoopInternalComponent {
        "_currentElement": <section
          className="Wrapper">
          <div
                    className="Talk">
                    <h2>
                              Wesh, bien ou bien ?
                    </h2>
                    <Chip
                              labelColor="white"
                              onBlur={[Function]}
                              onFocus={[Function]}
                              onKeyDown={[Function]}
                              onKeyboardFocus={[Function]}
                              onMouseDown={[Function]}
                              onMouseEnter={[Function]}
                              onMouseLeave={[Function]}
                              onMouseUp={[Function]}
                              onTouchEnd={[Function]}
                              onTouchStart={[Function]}
                              style={
                                        Object {
                                                  "backgroundColor": "#ff9800",
                                                  "marginTop": ".85em",
                                                }
                              } />
                    <Connect(NotesView) />
                    <Divider
                              inset={false} />
                    <List>
                              <ListItem
                                        autoGenerateNestedIndicator={true}
                                        disableKeyboardFocus={false}
                                        disabled={true}
                                        initiallyOpen={false}
                                        insetChildren={false}
                                        leftAvatar={
                                                  <Avatar
                                                            size={40}
                                                            src="https://pbs.twimg.com/profile_images/1049198944826417152/w4Vfcyja_400x400.jpg" />
                                        }
                                        nestedItems={Array []}
                                        nestedLevel={0}
                                        onKeyboardFocus={[Function]}
                                        onMouseEnter={[Function]}
                                        onMouseLeave={[Function]}
                                        onNestedListToggle={[Function]}
                                        onTouchEnd={[Function]}
                                        onTouchStart={[Function]}
                                        open={null}
                                        primaryText={
                                                  <span>
                                                            Boris Schapira
                                                            <span
                                                                      style={
                                                                                Object {
                                                                                          "color": "rgba(0, 0, 0, 0.54)",
                                                                                        }
                                                                      }>
                                                                      , le 
                                                                      12/03/2019
                                                            </span>
                                                  </span>
                                        }
                                        primaryTogglesNestedList={false}
                                        rightIcon={
                                                  <IconButton
                                                            disableTouchRipple={false}
                                                            disabled={false}
                                                            iconStyle={Object {}}
                                                            onClick={[Function]}
                                                            style={
                                                                      Object {
                                                                                "padding": 0,
                                                                                "width": 32,
                                                                              }
                                                            }
                                                            tooltipPosition="top-right"
                                                            touch={true}>
                                                            <CommunicationEmail
                                                                      color="#f44336" />
                                                  </IconButton>
                                        }
                                        secondaryText="test@test.com"
                                        secondaryTextLines={1} />
                    </List>
                    <Divider
                              inset={false} />
                    <h3>
                              Approfondissement / Deep Dive
                               (
                              45 minutes
                              )
                    </h3>
                    <p>
                              Ceci est la description.
                    </p>
                    <h3>
                              Message pour l'équipe
                    </h3>
                    <p>
                              Ceci est le message.
                    </p>
          </div>
</section>,
        "_debugID": 2,
        "_renderedOutput": <section
          className="Wrapper">
          <div
                    className="Talk">
                    <h2>
                              Wesh, bien ou bien ?
                    </h2>
                    <Chip
                              labelColor="white"
                              onBlur={[Function]}
                              onFocus={[Function]}
                              onKeyDown={[Function]}
                              onKeyboardFocus={[Function]}
                              onMouseDown={[Function]}
                              onMouseEnter={[Function]}
                              onMouseLeave={[Function]}
                              onMouseUp={[Function]}
                              onTouchEnd={[Function]}
                              onTouchStart={[Function]}
                              style={
                                        Object {
                                                  "backgroundColor": "#ff9800",
                                                  "marginTop": ".85em",
                                                }
                              } />
                    <Connect(NotesView) />
                    <Divider
                              inset={false} />
                    <List>
                              <ListItem
                                        autoGenerateNestedIndicator={true}
                                        disableKeyboardFocus={false}
                                        disabled={true}
                                        initiallyOpen={false}
                                        insetChildren={false}
                                        leftAvatar={
                                                  <Avatar
                                                            size={40}
                                                            src="https://pbs.twimg.com/profile_images/1049198944826417152/w4Vfcyja_400x400.jpg" />
                                        }
                                        nestedItems={Array []}
                                        nestedLevel={0}
                                        onKeyboardFocus={[Function]}
                                        onMouseEnter={[Function]}
                                        onMouseLeave={[Function]}
                                        onNestedListToggle={[Function]}
                                        onTouchEnd={[Function]}
                                        onTouchStart={[Function]}
                                        open={null}
                                        primaryText={
                                                  <span>
                                                            Boris Schapira
                                                            <span
                                                                      style={
                                                                                Object {
                                                                                          "color": "rgba(0, 0, 0, 0.54)",
                                                                                        }
                                                                      }>
                                                                      , le 
                                                                      12/03/2019
                                                            </span>
                                                  </span>
                                        }
                                        primaryTogglesNestedList={false}
                                        rightIcon={
                                                  <IconButton
                                                            disableTouchRipple={false}
                                                            disabled={false}
                                                            iconStyle={Object {}}
                                                            onClick={[Function]}
                                                            style={
                                                                      Object {
                                                                                "padding": 0,
                                                                                "width": 32,
                                                                              }
                                                            }
                                                            tooltipPosition="top-right"
                                                            touch={true}>
                                                            <CommunicationEmail
                                                                      color="#f44336" />
                                                  </IconButton>
                                        }
                                        secondaryText="test@test.com"
                                        secondaryTextLines={1} />
                    </List>
                    <Divider
                              inset={false} />
                    <h3>
                              Approfondissement / Deep Dive
                               (
                              45 minutes
                              )
                    </h3>
                    <p>
                              Ceci est la description.
                    </p>
                    <h3>
                              Message pour l'équipe
                    </h3>
                    <p>
                              Ceci est le message.
                    </p>
          </div>
</section>,
      },
      "_renderedNodeType": 0,
      "_rootNodeID": 0,
      "_topLevelWrapper": null,
      "_updateBatchNumber": null,
      "_warnedAboutRefsInRender": false,
    },
    "getRenderOutput": [Function],
    "render": [Function],
  },
  "root": [Circular],
  "unrendered": <Talk
    talk={
        Object {
            "courriel_e_mail": "test@test.com",
            "description": "Ceci est la description.",
            "duree_duration": "45 minutes",
            "horodateur": "12/03/2019 16:04:23",
            "langue_language": "Français",
            "nom_last_name": "Schapira",
            "prenom_first_name": "Boris",
            "titre_title": "Wesh, bien ou bien ?",
            "type_dintervention_talk_level": "Approfondissement / Deep Dive",
            "un_message_a_laisser_a_lequipe_organisatrice_do_you_have_a_message_for_the_organizing_team": "Ceci est le message.",
            "url_de_profil_principal_main_profile_url": "https://twitter.com/_welovespeed",
            "url_dune_photo_de_vous_profile_picture_url": "https://pbs.twimg.com/profile_images/1049198944826417152/w4Vfcyja_400x400.jpg",
            "where_will_you_come_from": "Outta here.",
          }
    } />,
}
`;
